// Jest Snapshot v1, https://goo.gl/fbAQLP

exports[`test login component match snapshots 1`] = `ShallowWrapper {}`;
